// Jest Snapshot v1, https://goo.gl/fbAQLP

exports[`pruebas en <GifItem /> debe hacer match con el snapshot 1`] = `
<div>
  <div
    class="card"
  >
    <img
      alt="Messi"
      src="https://localhost/messi.jpg"
    />
    <p>
      Messi
    </p>
  </div>
</div>
`;
